

================================================================
== Synthesis Summary Report of 'top'
================================================================
+ General Information: 
    * Date:           Thu Jan 14 12:19:20 2021
    * Version:        2020.2 (Build 3064766 on Wed Nov 18 09:12:47 MST 2020)
    * Project:        Kmeans_HLS_2020
    * Solution:       solution1 (Vivado IP Flow Target)
    * Product family: zynquplus
    * Target device:  xczu9eg-ffvb1156-2-e
    

+ Performance & Resource Estimates: 
    
    PS: '+' for module; 'o' for loop; '*' for dataflow
    +------------------------------------+--------+-------+---------+-----------+----------+---------+------+----------+-----------+------------+--------------+---------------+-----+
    |               Modules              |  Issue |       | Latency |  Latency  | Iteration|         | Trip |          |           |            |              |               |     |
    |               & Loops              |  Type  | Slack | (cycles)|    (ns)   |  Latency | Interval| Count| Pipelined|   BRAM    |     DSP    |      FF      |      LUT      | URAM|
    +------------------------------------+--------+-------+---------+-----------+----------+---------+------+----------+-----------+------------+--------------+---------------+-----+
    |+ top                               |  Timing|   0.00|     7435|  2.974e+04|         -|     7436|     -|        no|  236 (12%)|  2048 (81%)|  459743 (83%)|  443960 (161%)|    -|
    | + grp_EMCore_fu_11413*             |  Timing|   0.00|     3542|  1.417e+04|         -|     3531|     -|  dataflow|  228 (12%)|  2048 (81%)|  419108 (76%)|  413329 (150%)|    -|
    |  + grp_Update_fu_14442             |       -|  -0.07|     3009|  1.204e+04|         -|     3009|     -|        no|          -|   768 (30%)|  172352 (31%)|   224563 (81%)|    -|
    |   o UpdateF                        |      II|  -2.92|     3007|  1.203e+04|        11|        3|  1000|       yes|          -|           -|             -|              -|    -|
    |  + grp_CalProb_fu_16241            |       -|  -0.07|     3530|  1.412e+04|         -|     3530|     -|        no|          -|  1280 (50%)|  157274 (28%)|   119820 (43%)|    -|
    |   o CalPROBF                       |      II|  -2.92|     3521|  1.408e+04|       525|        3|  1000|       yes|          -|           -|             -|              -|    -|
    |  + grp_GetData19_fu_17143          |  Timing|   0.00|     3009|  1.204e+04|         -|     3009|     -|        no|          -|           -|      44 (~0%)|      8251 (3%)|    -|
    |   o VITIS_LOOP_5_1_VITIS_LOOP_6_2  |       -|  -2.92|     3001|  1.200e+04|         3|        1|  3000|       yes|          -|           -|             -|              -|    -|
    |  + grp_ProcessProb_fu_19844        |  Timing|   0.00|     1003|  4.012e+03|         -|     1003|     -|        no|          -|           -|      38 (~0%)|      276 (~0%)|    -|
    |   + grp_GetMax_fu_48               |       -|  -1.46|     1002|  4.008e+03|         -|     1002|     -|        no|          -|           -|      16 (~0%)|       97 (~0%)|    -|
    |    o GetMaxF                       |       -|  -2.92|     1000|  4.000e+03|         2|        1|  1000|       yes|          -|           -|             -|              -|    -|
    |   + grp_AccumProb_fu_56            |       -|  -1.46|     1002|  4.008e+03|         -|     1002|     -|        no|          -|           -|      16 (~0%)|       97 (~0%)|    -|
    |    o Accum1                        |       -|  -2.92|     1000|  4.000e+03|         2|        1|  1000|       yes|          -|           -|             -|              -|    -|
    | o VITIS_LOOP_28_1                  |       -|  -2.92|      129|    516.000|         2|        1|   128|       yes|          -|           -|             -|              -|    -|
    | o VITIS_LOOP_33_2                  |      II|  -2.92|      385|  1.540e+03|         4|        3|   128|       yes|          -|           -|             -|              -|    -|
    | o VITIS_LOOP_40_3                  |      II|  -2.92|      385|  1.540e+03|         4|        3|   128|       yes|          -|           -|             -|              -|    -|
    | o reset                            |       -|  -2.92|      128|    512.000|         1|        1|   128|       yes|          -|           -|             -|              -|    -|
    | o Update_means                     |       -|  -2.92|      139|    556.000|        13|        1|   128|       yes|          -|           -|             -|              -|    -|
    | o VITIS_LOOP_49_4                  |       -|  -2.92|      128|    512.000|         2|        1|   128|       yes|          -|           -|             -|              -|    -|
    | o VITIS_LOOP_52_5                  |       -|  -2.92|     1280|  5.120e+03|        10|        -|   128|        no|          -|           -|             -|              -|    -|
    | o VITIS_LOOP_58_6                  |       -|  -2.92|     1280|  5.120e+03|        10|        -|   128|        no|          -|           -|             -|              -|    -|
    +------------------------------------+--------+-------+---------+-----------+----------+---------+------+----------+-----------+------------+--------------+---------------+-----+

